[backblue.gif]
[fade.gif]
[index.html]
[live.themewild.com/cablehub/assets/img/logo/favicon.png]
[live.themewild.com/cablehub/assets/img/logo/logo.png]
[live.themewild.com/cablehub/assets/img/slider/slider-1.jpg]
[live.themewild.com/cablehub/assets/img/slider/slider-2.jpg]
[live.themewild.com/cablehub/assets/img/slider/slider-3.jpg]
[live.themewild.com/cablehub/assets/img/blog/01.jpg]
[live.themewild.com/cablehub/assets/img/about/01.jpg]
[live.themewild.com/cablehub/assets/img/feature/01.jpg]
[live.themewild.com/cablehub/assets/img/team/01.jpg]
[live.themewild.com/cablehub/assets/img/team/02.jpg]
[live.themewild.com/cablehub/assets/img/team/03.jpg]
[live.themewild.com/cablehub/assets/img/team/04.jpg]
[live.themewild.com/cablehub/assets/img/video/01.jpg]
[live.themewild.com/cablehub/assets/img/movie/01.jpg]
[live.themewild.com/cablehub/assets/img/movie/02.jpg]
[live.themewild.com/cablehub/assets/img/movie/03.jpg]
[live.themewild.com/cablehub/assets/img/movie/04.jpg]
[live.themewild.com/cablehub/assets/img/movie/05.jpg]
[live.themewild.com/cablehub/assets/img/movie/06.jpg]
[live.themewild.com/cablehub/assets/img/movie/07.jpg]
[live.themewild.com/cablehub/assets/img/movie/08.jpg]
[live.themewild.com/cablehub/assets/img/movie/09.jpg]
[live.themewild.com/cablehub/assets/img/testimonial/01.jpg]
[live.themewild.com/cablehub/assets/img/testimonial/02.jpg]
[live.themewild.com/cablehub/assets/img/testimonial/03.jpg]
[live.themewild.com/cablehub/assets/img/testimonial/04.jpg]
[live.themewild.com/cablehub/assets/img/shop/01.png]
[live.themewild.com/cablehub/assets/img/shop/02.png]
[live.themewild.com/cablehub/assets/img/shop/03.png]
[live.themewild.com/cablehub/assets/img/shop/04.png]
[live.themewild.com/cablehub/assets/img/shop/05.png]
[live.themewild.com/cablehub/assets/img/shop/06.png]
[live.themewild.com/cablehub/assets/img/shop/07.png]
[live.themewild.com/cablehub/assets/img/shop/08.png]
[live.themewild.com/cablehub/assets/img/partner/01.png]
[live.themewild.com/cablehub/assets/img/blog/02.jpg]
[live.themewild.com/cablehub/assets/img/blog/03.jpg]
[live.themewild.com/cablehub/assets/img/logo/logo-light.png]
[live.themewild.com/cdn-cgi/scripts/5c5dd728/cloudflare-static/email-decode.min.js]
[live.themewild.com/cablehub/assets/js/jquery-3.6.0.min.js]
[live.themewild.com/cablehub/assets/js/modernizr.min.js]
[live.themewild.com/cablehub/assets/js/bootstrap.bundle.min.js]
[live.themewild.com/cablehub/assets/js/imagesloaded.pkgd.min.js]
[live.themewild.com/cablehub/assets/js/jquery.magnific-popup.min.js]
[live.themewild.com/cablehub/assets/js/isotope.pkgd.min.js]
[live.themewild.com/cablehub/assets/js/jquery.appear.min.js]
[live.themewild.com/cablehub/assets/js/jquery.easing.min.js]
[live.themewild.com/cablehub/assets/js/owl.carousel.min.js]
[live.themewild.com/cablehub/assets/js/counter-up.js]
[live.themewild.com/cablehub/assets/js/masonry.pkgd.min.js]
[live.themewild.com/cablehub/assets/js/wow.min.js]
[live.themewild.com/cablehub/index.html]
[live.themewild.com/cablehub/assets/css/bootstrap.min.css]
[live.themewild.com/cablehub/assets/js/main.js]
[live.themewild.com/cablehub/assets/fonts/fa-brands-400.eot]
[live.themewild.com/cablehub/assets/fonts/fa-brands-400d41d.eot]
[live.themewild.com/cablehub/assets/fonts/fa-brands-400.woff2]
[live.themewild.com/cablehub/assets/fonts/fa-brands-400.woff]
[live.themewild.com/cablehub/assets/fonts/fa-brands-400.ttf]
[live.themewild.com/cablehub/assets/fonts/fa-brands-400.svg]
[live.themewild.com/cablehub/assets/fonts/fa-duotone-900.eot]
[live.themewild.com/cablehub/assets/fonts/fa-duotone-900d41d.eot]
[live.themewild.com/cablehub/assets/fonts/fa-duotone-900.woff2]
[live.themewild.com/index.html]
[live.themewild.com/cablehub/assets/fonts/fa-duotone-900.woff]
[live.themewild.com/cablehub/assets/fonts/fa-duotone-900.ttf]
[live.themewild.com/cablehub/assets/fonts/fa-duotone-900.svg]
[live.themewild.com/cablehub/assets/fonts/fa-light-300.eot]
[live.themewild.com/cablehub/assets/fonts/fa-light-300d41d.eot]
[live.themewild.com/cablehub/assets/fonts/fa-light-300.woff2]
[live.themewild.com/cablehub/assets/fonts/fa-light-300.woff]
[live.themewild.com/cablehub/assets/fonts/fa-light-300.ttf]
[live.themewild.com/cablehub/assets/fonts/fa-light-300.svg]
[live.themewild.com/cablehub/assets/fonts/fa-regular-400.eot]
[live.themewild.com/cablehub/assets/fonts/fa-regular-400d41d.eot]
[live.themewild.com/cablehub/assets/fonts/fa-regular-400.woff2]
[live.themewild.com/cablehub/assets/fonts/fa-regular-400.woff]
[live.themewild.com/cablehub/assets/fonts/fa-regular-400.ttf]
[live.themewild.com/cablehub/assets/fonts/fa-regular-400.svg]
[live.themewild.com/cablehub/assets/fonts/fa-solid-900.eot]
[live.themewild.com/cablehub/assets/fonts/fa-solid-900d41d.eot]
[live.themewild.com/cablehub/assets/fonts/fa-solid-900.woff2]
[live.themewild.com/cablehub/assets/fonts/fa-solid-900.woff]
[live.themewild.com/cablehub/assets/fonts/fa-solid-900.ttf]
[live.themewild.com/cablehub/assets/css/all-fontawesome.min.css]
[live.themewild.com/cablehub/assets/css/animate.min.css]
[live.themewild.com/cablehub/assets/css/magnific-popup.min.css]
[live.themewild.com/cablehub/assets/css/owl.carousel.min.css]
[live.themewild.com/cablehub/assets/fonts/fa-solid-900.svg]
[live.themewild.com/cablehub/assets/img/find-location/01.jpg]
[live.themewild.com/cablehub/assets/img/testimonial/bg.jpg]
[live.themewild.com/cablehub/assets/img/shape/shape-1.png]
[live.themewild.com/cablehub/assets/css/style.css]
[live.themewild.com/cdn-cgi/l/email-protection.html]
[live.themewild.com/cablehub/index-2.html]
[live.themewild.com/cablehub/assets/img/icon/cable-tv-2.svg]
[live.themewild.com/cablehub/assets/img/icon/home-phone-2.svg]
[live.themewild.com/cablehub/index-3.html]
[live.themewild.com/cablehub/index-4.html]
[live.themewild.com/cablehub/assets/img/icon/business-internet.svg]
[live.themewild.com/cablehub/assets/img/breadcrumb/01.jpg]
[live.themewild.com/cablehub/about.html]
[live.themewild.com/cablehub/team.html]
[live.themewild.com/cablehub/movie.html]
[live.themewild.com/cablehub/testimonial.html]
[live.themewild.com/cablehub/contact.html]
[live.themewild.com/cablehub/faq.html]
[live.themewild.com/cablehub/login.html]
[live.themewild.com/cablehub/register.html]
[live.themewild.com/cablehub/forgot-password.html]
[live.themewild.com/cablehub/404.html]
[live.themewild.com/cablehub/assets/js/contact-form.js]
[live.themewild.com/cablehub/assets/img/coming-soon/01.jpg]
[live.themewild.com/cablehub/coming-soon.html]
[live.themewild.com/cablehub/terms.html]
[live.themewild.com/cablehub/privacy.html]
[live.themewild.com/cablehub/service.html]
[live.themewild.com/cablehub/assets/js/countdown.min.js]
[live.themewild.com/cablehub/assets/img/service/single.jpg]
[live.themewild.com/cablehub/assets/img/service/01.jpg]
[live.themewild.com/cablehub/assets/img/service/02.jpg]
[live.themewild.com/cablehub/service-single.html]
[live.themewild.com/cablehub/assets/css/jquery-ui.min.css]
[live.themewild.com/cablehub/assets/img/widget/01.jpg]
[live.themewild.com/cablehub/assets/img/shop/09.png]
[live.themewild.com/cablehub/shop.html]
[live.themewild.com/cablehub/shop-cart.html]
[live.themewild.com/cablehub/shop-checkout.html]
[live.themewild.com/cablehub/assets/js/jquery-ui.min.js]
[live.themewild.com/cablehub/assets/css/flex-slider.min.css]
[live.themewild.com/cablehub/assets/img/blog/com-1.jpg]
[live.themewild.com/cablehub/assets/img/blog/com-2.jpg]
[live.themewild.com/cablehub/assets/img/blog/com-3.jpg]
[live.themewild.com/cablehub/shop-single.html]
[live.themewild.com/cablehub/blog.html]
[live.themewild.com/cablehub/assets/js/flex-slider.js]
[live.themewild.com/cablehub/assets/img/blog/single.jpg]
[live.themewild.com/cablehub/assets/img/blog/author.jpg]
[live.themewild.com/cablehub/assets/img/blog/bs-1.jpg]
[live.themewild.com/cablehub/assets/img/blog/bs-2.jpg]
[live.themewild.com/cablehub/assets/img/blog/bs-3.jpg]
[live.themewild.com/cablehub/blog-single.html]
[live.themewild.com/cablehub/assets/img/icon/satelite.svg]
[live.themewild.com/cablehub/assets/img/icon/broadband.svg]
[live.themewild.com/cablehub/assets/img/icon/streaming.svg]
[live.themewild.com/cablehub/assets/img/icon/internet.svg]
[live.themewild.com/cablehub/assets/img/icon/cable-tv.svg]
[live.themewild.com/cablehub/assets/img/icon/home-phone.svg]
[live.themewild.com/cablehub/assets/img/icon/package.svg]
[live.themewild.com/cablehub/assets/img/icon/connection.svg]
[live.themewild.com/cablehub/assets/img/icon/install.svg]
[live.themewild.com/cablehub/assets/img/icon/quality.svg]
[live.themewild.com/cablehub/assets/img/icon/support.svg]
[live.themewild.com/cablehub/assets/img/icon/branch.svg]
[live.themewild.com/cablehub/assets/img/icon/happy.svg]
[live.themewild.com/cablehub/assets/img/icon/staff.svg]
[live.themewild.com/cablehub/assets/img/icon/experience.svg]
[live.themewild.com/cablehub/assets/img/icon/quote.svg]
[live.themewild.com/cablehub/assets/js/jquery-3.6.0.min.js]
[live.themewild.com/cablehub/assets/js/modernizr.min.js]
[live.themewild.com/cablehub/assets/js/bootstrap.bundle.min.js]
[live.themewild.com/cablehub/assets/js/imagesloaded.pkgd.min.js]
[live.themewild.com/cablehub/assets/js/jquery.magnific-popup.min.js]
[live.themewild.com/cablehub/assets/js/isotope.pkgd.min.js]
[live.themewild.com/cablehub/assets/js/jquery.appear.min.js]
[live.themewild.com/cablehub/assets/js/jquery.easing.min.js]
[live.themewild.com/cablehub/assets/js/owl.carousel.min.js]
[live.themewild.com/cablehub/assets/js/counter-up.js]
[live.themewild.com/cablehub/assets/js/masonry.pkgd.min.js]
[live.themewild.com/cablehub/assets/js/wow.min.js]
[live.themewild.com/cablehub/assets/js/main.js]
[live.themewild.com/index.html]
[live.themewild.com/cablehub/assets/fonts/fa-brands-400.svg]
[live.themewild.com/cablehub/assets/fonts/fa-duotone-900.svg]
[live.themewild.com/cablehub/assets/fonts/fa-light-300.svg]
[live.themewild.com/cablehub/assets/fonts/fa-regular-400.svg]
[live.themewild.com/cablehub/assets/fonts/fa-solid-900.svg]
[live.themewild.com/cablehub/assets/css/owl.video.play.html]
[live.themewild.com/cablehub/assets/img/appointment/01.html]
[live.themewild.com/cablehub/assets/img/icon/cable-tv-2.svg]
[live.themewild.com/cablehub/assets/img/icon/home-phone-2.svg]
[live.themewild.com/cablehub/assets/img/icon/business-internet.svg]
[live.themewild.com/cablehub/assets/js/contact-form.js]
[live.themewild.com/cablehub/assets/js/countdown.min.js]
[live.themewild.com/cablehub/assets/css/images/ui-icons_444444_256x240.9f.delayed]
[live.themewild.com/cablehub/assets/css/images/ui-icons_555555_256x240.png]
[live.themewild.com/cablehub/assets/css/images/ui-icons_ffffff_256x240.png]
[live.themewild.com/cablehub/assets/css/images/ui-icons_777620_256x240.png]
[live.themewild.com/cablehub/assets/css/images/ui-icons_cc0000_256x240.png]
[live.themewild.com/cablehub/assets/css/images/ui-icons_777777_256x240.png]
[live.themewild.com/cablehub/assets/css/jquery-ui.min.css]
[live.themewild.com/cablehub/assets/js/jquery-ui.min.js]
[live.themewild.com/cablehub/assets/css/flex-slider.min.css]
[live.themewild.com/cablehub/assets/js/flex-slider.js]
[live.themewild.com/cablehub/assets/css/images/ui-icons_444444_256x240.html]
[live.themewild.com/cablehub/assets/css/images/ui-icons_555555_256x240.html]
[live.themewild.com/cablehub/assets/css/images/ui-icons_ffffff_256x240.html]
[live.themewild.com/cablehub/assets/css/images/ui-icons_777620_256x240.html]
[live.themewild.com/cablehub/assets/css/images/ui-icons_cc0000_256x240.html]
[live.themewild.com/cablehub/assets/css/images/ui-icons_777777_256x240.html]
