[backblue.gif]
[fade.gif]
[index.html]
[live.themewild.com/cdn-cgi/l/email-protection]
[live.themewild.com/cablehub/assets/img/logo/favicon.png]
[live.themewild.com/cablehub/assets/img/team/01.jpg]
[live.themewild.com/cablehub/assets/img/team/02.jpg]
[live.themewild.com/cablehub/assets/img/team/03.jpg]
[live.themewild.com/cablehub/assets/img/team/04.jpg]
[live.themewild.com/cablehub/assets/img/logo/logo.png]
[live.themewild.com/cablehub/index.html]
[live.themewild.com/cablehub/assets/css/bootstrap.min.css]
[live.themewild.com/cablehub/assets/css/all-fontawesome.min.css]
[live.themewild.com/cablehub/assets/css/animate.min.css]
[live.themewild.com/cablehub/assets/css/magnific-popup.min.css]
[live.themewild.com/cablehub/assets/img/slider/slider-1.jpg]
[live.themewild.com/cablehub/assets/css/owl.video.play.82.delayed]
[live.themewild.com/cablehub/assets/css/owl.carousel.min.css]
[live.themewild.com/cablehub/assets/img/slider/slider-3.jpg]
[live.themewild.com/cablehub/assets/img/slider/slider-2.jpg]
[live.themewild.com/cablehub/assets/img/about/01.jpg]
[live.themewild.com/cablehub/assets/img/appointment/01.86.delayed]
[live.themewild.com/cablehub/assets/css/style.css]
[live.themewild.com/cablehub/assets/img/feature/01.jpg]
[live.themewild.com/cdn-cgi/l/email-protection.html]
[live.themewild.com/cablehub/index-2.html]
[live.themewild.com/cablehub/index-3.html]
[live.themewild.com/cablehub/index-4.html]
[live.themewild.com/cablehub/assets/img/video/01.jpg]
[live.themewild.com/cablehub/about.html]
[live.themewild.com/cablehub/assets/img/movie/01.jpg]
[live.themewild.com/cablehub/assets/img/movie/02.jpg]
[live.themewild.com/cablehub/team.html]
[live.themewild.com/cablehub/assets/img/movie/03.jpg]
[live.themewild.com/cablehub/assets/img/movie/04.jpg]
[live.themewild.com/cablehub/movie.html]
[live.themewild.com/cablehub/assets/img/movie/05.jpg]
[live.themewild.com/cablehub/assets/img/movie/06.jpg]
[live.themewild.com/cablehub/testimonial.html]
[live.themewild.com/cablehub/assets/img/movie/07.jpg]
[live.themewild.com/cablehub/assets/img/movie/08.jpg]
[live.themewild.com/cablehub/assets/img/movie/09.jpg]
[live.themewild.com/cablehub/contact.html]
[live.themewild.com/cablehub/assets/img/testimonial/01.jpg]
[live.themewild.com/cablehub/faq.html]
[live.themewild.com/cablehub/assets/img/testimonial/02.jpg]
[live.themewild.com/cablehub/assets/img/testimonial/03.jpg]
[live.themewild.com/cablehub/login.html]
[live.themewild.com/cablehub/assets/img/testimonial/04.jpg]
[live.themewild.com/cablehub/assets/img/shop/01.png]
[live.themewild.com/cablehub/register.html]
[live.themewild.com/cablehub/assets/img/shop/02.png]
[live.themewild.com/cablehub/assets/img/shop/03.png]
[live.themewild.com/cablehub/forgot-password.html]
[live.themewild.com/cablehub/assets/img/shop/04.png]
[live.themewild.com/cablehub/assets/img/shop/05.png]
[live.themewild.com/cablehub/404.html]
[live.themewild.com/cablehub/assets/img/shop/06.png]
[live.themewild.com/cablehub/assets/img/shop/07.png]
[live.themewild.com/cablehub/assets/img/shop/08.png]
[live.themewild.com/cablehub/assets/img/partner/01.png]
[live.themewild.com/cablehub/coming-soon.html]
[live.themewild.com/cablehub/terms.html]
